15:44:33.004 [main] INFO  testCases.TC001_AccountRegistrationTest - *****Starting TC001_AccountRegistrationTest *******
15:44:33.152 [main] INFO  testCases.TC001_AccountRegistrationTest - *****Clicked on My Account *******
15:44:33.651 [main] INFO  testCases.TC001_AccountRegistrationTest - *****Clicked on Register *******
15:44:33.653 [main] INFO  testCases.TC001_AccountRegistrationTest - *****Providing customer details *******
15:44:35.309 [main] INFO  testCases.TC001_AccountRegistrationTest - *****Validating Expected Message *******
15:48:41.033 [main] INFO  testCases.TC001_AccountRegistrationTest - *****Starting TC001_AccountRegistrationTest *******
15:48:41.155 [main] INFO  testCases.TC001_AccountRegistrationTest - *****Clicked on My Account *******
15:48:41.583 [main] INFO  testCases.TC001_AccountRegistrationTest - *****Clicked on Register *******
15:48:41.584 [main] INFO  testCases.TC001_AccountRegistrationTest - *****Providing customer details *******
15:48:43.255 [main] INFO  testCases.TC001_AccountRegistrationTest - *****Validating Expected Message *******
17:06:36.230 [main] INFO  testCases.TC001_AccountRegistrationTest - *****Starting TC001_AccountRegistrationTest *******
17:06:36.363 [main] INFO  testCases.TC001_AccountRegistrationTest - *****Clicked on My Account *******
17:06:37.153 [main] INFO  testCases.TC001_AccountRegistrationTest - *****Clicked on Register *******
17:06:37.153 [main] INFO  testCases.TC001_AccountRegistrationTest - *****Providing customer details *******
17:06:37.785 [main] INFO  testCases.TC001_AccountRegistrationTest - *****Validating Expected Message *******
17:09:00.249 [main] INFO  testCases.TC001_AccountRegistrationTest - *****Starting TC001_AccountRegistrationTest *******
17:09:00.374 [main] INFO  testCases.TC001_AccountRegistrationTest - *****Clicked on My Account *******
17:09:00.784 [main] INFO  testCases.TC001_AccountRegistrationTest - *****Clicked on Register *******
17:09:00.786 [main] INFO  testCases.TC001_AccountRegistrationTest - *****Providing customer details *******
17:09:01.470 [main] INFO  testCases.TC001_AccountRegistrationTest - *****Validating Expected Message *******
17:17:13.839 [main] INFO  testCases.TC001_AccountRegistrationTest - *****Starting TC001_AccountRegistrationTest *******
17:17:13.964 [main] INFO  testCases.TC001_AccountRegistrationTest - *****Clicked on My Account *******
17:17:14.377 [main] INFO  testCases.TC001_AccountRegistrationTest - *****Clicked on Register *******
17:17:14.380 [main] INFO  testCases.TC001_AccountRegistrationTest - *****Providing customer details *******
17:17:15.861 [main] INFO  testCases.TC001_AccountRegistrationTest - *****Validating Expected Message *******
17:17:26.339 [main] INFO  testCases.TC001_AccountRegistrationTest - *****Starting TC001_AccountRegistrationTest *******
17:17:26.459 [main] INFO  testCases.TC001_AccountRegistrationTest - *****Clicked on My Account *******
17:17:27.269 [main] INFO  testCases.TC001_AccountRegistrationTest - *****Clicked on Register *******
17:17:27.269 [main] INFO  testCases.TC001_AccountRegistrationTest - *****Providing customer details *******
17:17:28.606 [main] INFO  testCases.TC001_AccountRegistrationTest - *****Validating Expected Message *******
17:17:36.965 [main] INFO  testCases.TC001_AccountRegistrationTest - *****Starting TC001_AccountRegistrationTest *******
17:17:37.069 [main] INFO  testCases.TC001_AccountRegistrationTest - *****Clicked on My Account *******
17:17:37.651 [main] INFO  testCases.TC001_AccountRegistrationTest - *****Clicked on Register *******
17:17:37.651 [main] INFO  testCases.TC001_AccountRegistrationTest - *****Providing customer details *******
17:17:38.733 [main] INFO  testCases.TC001_AccountRegistrationTest - *****Validating Expected Message *******
17:23:05.237 [TestNG-tests-2] INFO  testCases.TC001_AccountRegistrationTest - *****Starting TC001_AccountRegistrationTest *******
17:23:05.530 [TestNG-tests-2] INFO  testCases.TC001_AccountRegistrationTest - *****Clicked on My Account *******
17:23:05.628 [TestNG-tests-1] INFO  testCases.TC001_AccountRegistrationTest - *****Starting TC001_AccountRegistrationTest *******
17:23:05.889 [TestNG-tests-1] INFO  testCases.TC001_AccountRegistrationTest - *****Clicked on My Account *******
17:23:06.160 [TestNG-tests-2] INFO  testCases.TC001_AccountRegistrationTest - *****Clicked on Register *******
17:23:06.166 [TestNG-tests-2] INFO  testCases.TC001_AccountRegistrationTest - *****Providing customer details *******
17:23:06.522 [TestNG-tests-1] INFO  testCases.TC001_AccountRegistrationTest - *****Clicked on Register *******
17:23:06.523 [TestNG-tests-1] INFO  testCases.TC001_AccountRegistrationTest - *****Providing customer details *******
17:23:08.663 [TestNG-tests-2] INFO  testCases.TC001_AccountRegistrationTest - *****Validating Expected Message *******
17:23:08.796 [TestNG-tests-1] INFO  testCases.TC001_AccountRegistrationTest - *****Validating Expected Message *******
